[Sunday/June 29/06/2025 22:20:59] /home/Nagisa/Videos/qBitDown/[SweetSub&LoliHouse] Takopii no Genzai - 01 [WebRip 1080p HEVC-10bit AAC ASSx2].mkv | length=2267.285 | time=812.478
[Wednesday/July 02/07/2025 23:49:34] /home/Nagisa/Videos/yt-dlpDown/【中文CC字幕】【雨衣】还不给我回复嘛？大叔式小作文！【吉本おじさん】 [BV13e7PztEGd].mp4 | length=188.0003125 | time=17.233
[Wednesday/July 02/07/2025 23:54:17] /home/Nagisa/Videos/yt-dlpDown/【4K60FPS】乌兰托娅《套马杆》经典神曲！一开口就是大草原的味道！ [BV1ka411J7mL].mp4 | length=282.944 | time=282.94381040695
[Saturday/July 05/07/2025 10:08:49] /home/Nagisa/Videos/yt-dlpDown/【中文CC字幕】【雨衣】还不给我回复嘛？大叔式小作文！【吉本おじさん】 [BV13e7PztEGd].mp4 | length=188.0003125 | time=59.8
[Sunday/August 10/08/2025 04:23:13] /home/Nagisa/Videos/qBitDown/[Dynamis One] NUKITASHI住在拔作島上的我該如何是好？ [年齡限制版] - 04 (Baha 1920x1080 AVC AAC MP4) [D03E3974].mp4 | length=1425.088 | time=1425.0877731817
[Sunday/August 10/08/2025 04:24:19] /home/Nagisa/Videos/qBitDown/[SweetSub&LoliHouse] Takopii no Genzai - 01 [WebRip 1080p HEVC-10bit AAC ASSx2].mkv | length=2267.285 | time=991.699
[Saturday/August 16/08/2025 14:09:54] /home/Nagisa/Videos/qBitDown/[Dynamis One] NUKITASHI住在拔作島上的我該如何是好？ [年齡限制版] - 05 (Baha 1920x1080 AVC AAC MP4) [5B1A4A23].mp4 | length=1425.088 | time=1425.0877777451
[Saturday/August 16/08/2025 14:09:57] /home/Nagisa/Videos/qBitDown/[SweetSub&LoliHouse] Takopii no Genzai - 01 [WebRip 1080p HEVC-10bit AAC ASSx2].mkv | length=2267.285 | time=993.492
[Wednesday/September 10/09/2025 20:45:58] /home/Nagisa/Videos/yt-dlpDown/DECO＊27 - Monitoring (Best Friend Remix) feat. Hatsune Miku [BV1JThqzwEGq].mp4 | length=182.592 | time=77.5
[Wednesday/September 10/09/2025 20:49:36] /home/Nagisa/Videos/yt-dlpDown/【4K60帧⧸Hires无损音质】おらくる - 天音かなた⧸天音彼方【MV⧸中文字幕】 [BV19D421P7dP].mp4 | length=198.54883333333 | time=198.54895473678
[Wednesday/September 10/09/2025 20:51:45] /home/Nagisa/Videos/yt-dlpDown/【中文CC字幕】【雨衣】还不给我回复嘛？大叔式小作文！【吉本おじさん】 [BV13e7PztEGd].mp4 | length=188.0003125 | time=187.98911016179
[Wednesday/September 10/09/2025 20:55:03] /home/Nagisa/Videos/yt-dlpDown/【中日字幕⧸完整版】Mori Calliope 新曲「FLASH BANG」⧸ 森美声 × PES [BV1jXSdYSENj].mp4 | length=196.22416666667 | time=196.22379854849
[Saturday/September 13/09/2025 09:54:56] /home/Nagisa/Videos/yt-dlpDown/踊り子（Vaundy）／ダズビー COVER [YC0ZkZY3r4I].f616.mp4 | length=230.697 | time=6.473
[Saturday/September 13/09/2025 09:55:45] /home/Nagisa/Videos/yt-dlpDown/DAZBEE (ダズビー) ｜ ‘シンパシー (Sympathy)’ M⧸V [BGqzr9pia0w].f616.mp4 | length=186.083 | time=40.333
[Saturday/September 13/09/2025 09:56:16] /home/Nagisa/Videos/yt-dlpDown/DAZBEE (ダズビー) ｜ ‘シンパシー (Sympathy)’ M⧸V [BGqzr9pia0w].f616.mp4 | length=186.083 | time=43.292
[Saturday/September 13/09/2025 09:56:21] /home/Nagisa/Videos/yt-dlpDown/【中日字幕⧸完整版】Mori Calliope 新曲「FLASH BANG」⧸ 森美声 × PES [BV1jXSdYSENj].mp4 | length=196.22416666667 | time=4.1
[Saturday/September 13/09/2025 09:56:21] /home/Nagisa/Videos/yt-dlpDown/【中文CC字幕】【雨衣】还不给我回复嘛？大叔式小作文！【吉本おじさん】 [BV13e7PztEGd].mp4 | length=188.0003125 | time=0
[Saturday/September 13/09/2025 09:56:45] /home/Nagisa/Videos/yt-dlpDown/DAZBEE (ダズビー) ｜ ‘シンパシー (Sympathy)’ M⧸V [BGqzr9pia0w].f616.mp4 | length=186.083 | time=47.542
[Saturday/September 13/09/2025 09:56:51] /home/Nagisa/Videos/yt-dlpDown/DECO＊27 - Monitoring (Best Friend Remix) feat. Hatsune Miku [BV1JThqzwEGq].mp4 | length=182.592 | time=5.917
[Saturday/September 13/09/2025 09:56:54] /home/Nagisa/Videos/yt-dlpDown/踊り子（Vaundy）／ダズビー COVER [YC0ZkZY3r4I].f616.mp4 | length=230.697 | time=9.209
[Saturday/September 13/09/2025 09:57:01] /home/Nagisa/Videos/yt-dlpDown/DECO＊27 - Monitoring (Best Friend Remix) feat. Hatsune Miku [BV1JThqzwEGq].mp4 | length=182.592 | time=182.458
